https://www.killedbypolice.net
https://www.killedbypolice.net
https://armypubs.army.mil/epubs/DR_pubs/DR_a/ARN32030-TC_3-22.69-000-WEB-1.pdf
http://web.archive.org/web/20170701005458/http://blossomstreetventures.com/blog_details.php?bcat_id=106
https://en.m.wikipedia.org/wiki/Psychoacoustics
https://www.washingtonpost.com/business/felony-charges-are-first-involving-a-driver-using-autopilot/2022/01/18/14ea7042-7883-11ec-9dce-7313579de434_story.html
https://www.washingtonpost.com/business/felony-charges-are-first-involving-a-driver-using-autopilot/2022/01/18/14ea7042-7883-11ec-9dce-7313579de434_story.html
https://www.nasdaq.com/articles/bitcoin-fundraising-for-ottawa-truckers-freedom-convoy-hits-close-to-one-million
https://www.nasdaq.com/articles/bitcoin-fundraising-for-ottawa-truckers-freedom-convoy-hits-close-to-one-million
https://www.nasdaq.com/articles/bitcoin-fundraising-for-ottawa-truckers-freedom-convoy-hits-close-to-one-million
http://www.marcipreheim.com/2017/09/18/do-you-see-me/
https://aviz.fr/Research/Geneaquilts
https://aviz.fr/Research/Geneaquilts
